ppd@PPD MINGW64 /c/Projects
$ mkdir ?pruebaresetrevertppd

ppd@PPD MINGW64 /c/Projects
$ dir
\302\226pruebaresetrevertppd  ppd

ppd@PPD MINGW64 /c/Projects
$ dir
\302\226pruebaresetrevertppd  ppd

ppd@PPD MINGW64 /c/Projects
$ dir
ppd  pruebaresetrevertppd

ppd@PPD MINGW64 /c/Projects
$ cd pruebaresetrevertppd/

ppd@PPD MINGW64 /c/Projects/pruebaresetrevertppd
$ git init
Initialized empty Git repository in C:/Projects/pruebaresetrevertppd/.git/

ppd@PPD MINGW64 /c/Projects/pruebaresetrevertppd (master)
$ git remote add origin https://github.com/perezpd/pruebaresetrevertppd.git

ppd@PPD MINGW64 /c/Projects/pruebaresetrevertppd (master)
$ git remote -v
origin  https://github.com/perezpd/pruebaresetrevertppd.git (fetch)
origin  https://github.com/perezpd/pruebaresetrevertppd.git (push)

ppd@PPD MINGW64 /c/Projects/pruebaresetrevertppd (master)
$ git status
On branch master

No commits yet

Untracked files:
  (use "git add <file>..." to include in what will be committed)
        fichero1.txt

nothing added to commit but untracked files present (use "git add" to track)

ppd@PPD MINGW64 /c/Projects/pruebaresetrevertppd (master)
$ git commit -a -m "salvo el fichero uno"
On branch master

Initial commit

Untracked files:
  (use "git add <file>..." to include in what will be committed)
        fichero1.txt

nothing added to commit but untracked files present (use "git add" to track)

ppd@PPD MINGW64 /c/Projects/pruebaresetrevertppd (master)
$ git add fichero1.txt

ppd@PPD MINGW64 /c/Projects/pruebaresetrevertppd (master)
$ git commit -a -m "salvo el fichero uno"
[master (root-commit) 2a5976b] salvo el fichero uno
 1 file changed, 1 insertion(+)
 create mode 100644 fichero1.txt

ppd@PPD MINGW64 /c/Projects/pruebaresetrevertppd (master)
$ git status
On branch master
Untracked files:
  (use "git add <file>..." to include in what will be committed)
        fichero2.txt

nothing added to commit but untracked files present (use "git add" to track)

ppd@PPD MINGW64 /c/Projects/pruebaresetrevertppd (master)
$ git add fichero2.txt

ppd@PPD MINGW64 /c/Projects/pruebaresetrevertppd (master)
$ git commit -a -m "añado fichero dos"
[master 953a011] a+¦ado fichero dos
 1 file changed, 1 insertion(+)
 create mode 100644 fichero2.txt

ppd@PPD MINGW64 /c/Projects/pruebaresetrevertppd (master)
$ git status
On branch master
Changes not staged for commit:
  (use "git add <file>..." to update what will be committed)
  (use "git restore <file>..." to discard changes in working directory)
        modified:   fichero2.txt

no changes added to commit (use "git add" and/or "git commit -a")

ppd@PPD MINGW64 /c/Projects/pruebaresetrevertppd (master)
$ git commit -a -m "añado cambios a uno"
[master fe670a2] a+¦ado cambios a uno
 1 file changed, 1 insertion(+), 1 deletion(-)

ppd@PPD MINGW64 /c/Projects/pruebaresetrevertppd (master)
$ git push -u origin master
To https://github.com/perezpd/pruebaresetrevertppd.git
 ! [rejected]        master -> master (fetch first)
error: failed to push some refs to 'https://github.com/perezpd/pruebaresetrevertppd.git'
hint: Updates were rejected because the remote contains work that you do
hint: not have locally. This is usually caused by another repository pushing
hint: to the same ref. You may want to first integrate the remote changes
hint: (e.g., 'git pull ...') before pushing again.
hint: See the 'Note about fast-forwards' in 'git push --help' for details.

ppd@PPD MINGW64 /c/Projects/pruebaresetrevertppd (master)
$ git pull origin master
warning: no common commits
remote: Enumerating objects: 3, done.
remote: Counting objects: 100% (3/3), done.
remote: Compressing objects: 100% (2/2), done.
remote: Total 3 (delta 0), reused 0 (delta 0), pack-reused 0
Unpacking objects: 100% (3/3), 624 bytes | 124.00 KiB/s, done.
From https://github.com/perezpd/pruebaresetrevertppd
 * branch            master     -> FETCH_HEAD
 * [new branch]      master     -> origin/master
fatal: refusing to merge unrelated histories

ppd@PPD MINGW64 /c/Projects/pruebaresetrevertppd (master)
$ git pull --rebase origin master
From https://github.com/perezpd/pruebaresetrevertppd
 * branch            master     -> FETCH_HEAD
Successfully rebased and updated refs/heads/master.

ppd@PPD MINGW64 /c/Projects/pruebaresetrevertppd (master)
$ git push -u origin master
Enumerating objects: 10, done.
Counting objects: 100% (10/10), done.
Delta compression using up to 2 threads
Compressing objects: 100% (6/6), done.
Writing objects: 100% (9/9), 734 bytes | 734.00 KiB/s, done.
Total 9 (delta 2), reused 0 (delta 0), pack-reused 0
remote: Resolving deltas: 100% (2/2), done.
To https://github.com/perezpd/pruebaresetrevertppd.git
   78dd75e..8b6d087  master -> master
Branch 'master' set up to track remote branch 'master' from 'origin'.

ppd@PPD MINGW64 /c/Projects/pruebaresetrevertppd (master)
$ git log --online
fatal: unrecognized argument: --online

ppd@PPD MINGW64 /c/Projects/pruebaresetrevertppd (master)
$ git log --oneline
8b6d087 (HEAD -> master, origin/master) añado cambios a uno
de6cf59 añado fichero dos
7e4b2e7 salvo el fichero uno
78dd75e Initial commit

ppd@PPD MINGW64 /c/Projects/pruebaresetrevertppd (master)
$ git reflog
8b6d087 (HEAD -> master, origin/master) HEAD@{0}: pull --rebase origin master (finish): returning to refs/heads/master
8b6d087 (HEAD -> master, origin/master) HEAD@{1}: pull --rebase origin master (pick): añado cambios a uno
de6cf59 HEAD@{2}: pull --rebase origin master (pick): añado fichero dos
7e4b2e7 HEAD@{3}: pull --rebase origin master (pick): salvo el fichero uno
78dd75e HEAD@{4}: pull --rebase origin master (start): checkout 78dd75e37971feec7889ffbd2232607ef5ef9943
fe670a2 HEAD@{5}: commit: añado cambios a uno
953a011 HEAD@{6}: commit: añado fichero dos
2a5976b HEAD@{7}: commit (initial): salvo el fichero uno

ppd@PPD MINGW64 /c/Projects/pruebaresetrevertppd (master)
$ git status
On branch master
Your branch is up to date with 'origin/master'.

nothing to commit, working tree clean

ppd@PPD MINGW64 /c/Projects/pruebaresetrevertppd (master)
$ git log --oneline
8b6d087 (HEAD -> master, origin/master) añado cambios a uno
de6cf59 añado fichero dos
7e4b2e7 salvo el fichero uno
78dd75e Initial commit
